Wo, Wo, Wo, Wo, Wo, Wo, Wo, Wo, Wo, Wo, Wo, Wo, Wo, Wo, Wo, Wo, Wo, Wo, Wo, Wo, Wo, Wo, Wo, Wo, Wo, Wo, Wo, Wo, Wo, Ww, Ds, Gg, Gg, Gg, Gg, Gg, Gg, Gg, Gg, Gg, Gg, Gg, Gg, Gg, Gg, Gg, Gg
Wo, Wo, Wo, Wo, Wo, Wo, Wo, Wo, Wo, Wo, Wo, Wo, Wo, Wo, Wo, Wo, Wo, Wo, Wo, Wo, Wo, Wo, Wo, Wo, Wo, Wo, Wo, Wo, Wo, Ww, Ds, Gg, Gg, Gg, Gg, Gg, Gg, Gg, Gg, Gg, Gg, Gg, Ce, Ce, Ce, Gg, Gg
Wo, Wo, Wo, Wo, Wo, Wo, Wo, Wo, Wo, Wo, Wo, Wo, Wo, Wo, Wo, Wo, Wo, Wo, Wo, Wo, Wo, Wo, Wo, Wo, Wo, Wo, Wo, Wo, Ww, Ww, Ds, Gg, Gg, Gg, Gg, Gg, Gg, Gg, Gg, Gg, Gg, Gg, Ce, Ke, Ce, Gg, Gg
Ww, Ww, Ww, Wo, Ww, Wo, Ww, Wo, Ww, Wo, Ww, Wo, Ww, Wo, Wo, Wo, Wo, Wo, Wo, Wo, Wo, Wo, Wo, Wo, Wo, Wo, Ww, Ww, Ww, Ds, Ds, Gg, Gg, Gg, Gg, Gg, Gg, Gg, Gg, Gg, Gg, Gg, Gg, Ce, Gg, Gg, Gg
Ds, Ds, Ds, Ww, Ds, Ww, Ds, Ww, Ww, Ww, Ds, Ww, Ww, Ww, Ww, Wo, Ww, Wo, Ww, Ww, Ww, Ww, Ds, Ww, Ds, Ww, Ds, Ds, Ds, Ds, Gg, Gg, Gg, Gg, Rb, Gg, Rb, Gg, Gg, Gg, Gg, Gg, Gg, Gg, Rb, Gg, Rb
Gg, Ds, Ds, Ds, Ds, Ds, Gg, Ds, Ds, Ds, Ds, Ds, Ds, Ds, Ds, Ww, Ch^Vhc, Ww^Bw|, Ch, Ch, Ch^Vhc, Ds, Gg, Ds, Gg, Ds, Gg, Ds, Gg, Gg, Gg, Gg, Rb, Rb, Gg, Rb, Gg, Rb, Rb, Rb, Rb, Rb, Rb, Rb, Gg, Rb, Gg
Gg, Gg, Gg, Gg, Gg, Gg, Gg, Gg, Gg, Gg, Gg, Gg^Vh, Gg, Ds, Gg, Ch, Ch, Ch, Kh, Ch, Ch, Ch, Rb, Gg, Rb, Gg, Rb, Gg, Rb, Rb, Rb, Rb, Gg, Gg, Gg, Gg, Gg, Gg, Gg, Gg, Gg, Gg, Gg, Gg, Gg, Gg, Gg
Gg, Gg, Gg, Gg, Gg, Gg, Gg, Gg, Gg, Gg, Gg, Gg, Gg, Gg, Gg, Ch, Ch, Ch, Ch, Ch, Ww, Ch, Ww, Rb, Gg, Rb, Gg^Vh, Rb, Gg, Gg, Gg, Gg, Gg, Gg, Gg, Gg, Gg, Gg, Gg, Gg, Gg^Vh, Gg, Gg, Gg, Gg, Gg, Gg
Gg, Gg, Ce, Gg, Gg, Gg, Gg, Gg, Gg, Gg, Gg, Gg, Gg, Gg, Gg, Rb, Gg, Ch, Ch^Vhc, Ch, Gg, Ww, Ww, Ww, Ww, Gg, Gg, Gg, Gg, Gg, Gg, Gg, Gg, Gg, Gg, Gg, Gg, Gg, Gg, Gg, Gg, Gg, Gg, Gg, Gg, Gg, Gg
Gg, Ce, Ke, Ce, Gg, Gg, Gg, Gg, Gg, Gg, Rb, Gg, Rb, Rb, Rb, Rb, Gg, Gg, Rrc, Rrc, Gg, Gg, Gg, Ww, Ww, Ww, Ww, Gg, Gg, Gg, Gg, Gg, Gg, Gg, Gg, Gg, Gg, Gg, Gg, Gg, Gg, Gg, Gg, Gg, Gg, Gg, Gg
Gg, Ce, Ce, Ce, Gg, Gg, Gg, Gg, Rb, Rb, Gg, Rb, Gg, Gg, Gg, Gg, Gg, Gg, Rrc, Rrc, Gg, Gg, Gg^Vh, Gg, Gg, Ww, Ww, Ww, Ww, Gg, Ww, Gg, Gg, Gg, Gg, Gg, Gg, Gg, Gg, Gg, Gg, Gg, Gg, Gg, Gg, Gg, Gg
Gg, Gg, Gg, Gg, Rb, Gg, Rb, Rb, Gg, Gg, Gg, Gg, Gg, Gg^Vh, Gg, Gg, Gg, Gg, Rrc, Rrc, Gg, Gg, Gg, Gg, Gg, Gg, Gg, Ww, Ww, Ww, Ww, Ww, Ww, Gg, Gg, Gg, Gg, Gg, Gg, Gg, Gg, Gg, Gg, Gg, Gg, Gg, Gg
Rb, Gg, Rb, Rb, Gg, Rb, Gg, Gg, Gg, Gg, Gg, Gg, Gg, Gg, Gg, Gg, Gg, Gg, Rrc, Rrc, Gg, Gg, Gg, Gg, Gg, Gg, Gg, Ww, Gg, Ww, Gg, Ww, Ww, Ww, Ww, Gg, Ww, Gg, Gg, Gg, Gg, Gg, Gg, Gg, Gg, Gg, Gg
Gg, Rb, Gg, Gg, Gg, Gg, Gg, Gg, Gg, Gg, Gg, Gg, Gg, Gg, Gg, Gg, Gg, Gg, Rrc, Rrc, Gg, Gg, Gg, Gg, Gg, Gg, Gg, Ww, Gg, Gg, Gg, Gg, Gg, Ww, Ww, Ww, Ww, Ww, Ww, Gg, Gg, Gg, Gg, Gg, Gg, Gg, Gg
Gg, Gg, Gg, Gg, Gg, Gg, Gg^Vh, Gg, Gg, Gg, Gg, Gg, Gg, Gg, Gg, Gg, Gg, Gg, Rrc, Rrc, Gg, Gg, Gg, Gg, Gg, Gg, Gg, Ww, Gg, Gg, Gg, Gg, Gg, Gg, Gg, Ww, Gg, Ww, Ww, Ww, Ww, Gg, Gg, Gg, Gg, Gg, Gg
Gg, Gg, Gg, Gg, Gg, Gg, Gg, Gg, Gg, Gg, Gg, Gg, Gg, Gg, Gg, Gg, Gg, Gg, Rrc, Rrc, Gg, Gg, Gg, Gg, Gg, Gg, Gg, Ww, Gg, Gg, Gg, Gg, Gg, Gg, Gg, Gg, Gg, Gg, Gg, Ww, Ww, Ww, Ww, Gg, Gg, Gg, Gg
Gg, Gg, Gg, Gg, Gg, Gg, Gg, Gg, Gg, Gg, Gg, Gg, Gg, Gg, Rb, Gg, Rb, Rb, Rrc, Rrc, Gg, Gg, Gg, Gg, Gg, Gg, Gg, Ww, Gg, Gg, Gg, Gg, Gg, Gg, Gg, Gg, Gg, Gg, Gg, Gg, Gg, Ww, Ww, Ww, Ww, Gg, Gg
Gg, Gg, Gg, Gg, Gg, Gg, Gg, Gg, Gg, Gg, Gg, Gg, Rb, Rb, Gg, Rb, Gg, Gg, Rrc, Rrc, Gg, Gg, Gg^Vh, Gg, Gg, Gg, Gg, Ww, Gg, Gg, Gg, Gg, Gg, Gg, Gg, Gg, Gg, Gg, Gg, Gg, Gg, Gg, Gg, Ww, Ww, Ww, Ww
Gg, Gg, Gg, Gg, Gg, Gg, Gg, Gg, Gg, Gg, Rb, Rb, Gg, Gg, Gg^Fds, Gg^Fds, Gg^Fds, Gg, Rrc, Rrc, Rrc, Gg, Gg, Gg, Gg, Gg, Gg, Ww, Gg, Gg, Gg, Gg, Gg, Gg, Gg, Gg, Gg, Gg, Gg, Gg, Gg, Gg, Gg, Gg, Gg, Ww, Ww
Gg, Gg, Gg, Gg, Gg, Gg, Gg, Gg, Gg, Gg, Rb, Gg, Gg^Fds, Gg^Fds, Gg^Fds, Gg^Fds, Gg^Fds, Gg^Fds, Gg^Fds, Rrc, Rrc, Rrc, Rrc, Gg, Gg, Gg, Gg, Ww, Gg, Gg, Gg, Gg, Gg, Gg, Gg, Gg, Gg, Gg, Gg, Gg, Gg, Gg, Gg, Gg, Gg, Gg, Gg
Gg, Gg, Gg, Gg, Gg, Gg, Ce, Gg, Gg, Rb, Gg, Gg, Gg^Fds, Gg^Fds, Hh^Fds, Hh^Vhh, Hh^Fds, Gg^Fds, Gg^Fds, Gg^Fds, Gg, Rrc, Rrc, Rrc, Gg, Gg, Ww, Ww, Gg, Gg, Gg, Gg, Gg, Gg, Gg, Gg, Gg, Gg, Gg, Gg, Gg, Gg, Gg, Gg, Gg, Gg, Gg
Gg, Gg, Gg, Gg, Gg, Ce, Ke, Ce, Gg, Rb, Gg, Gg, Hh^Fds, Hh^Fds, Hh^Fds, Hh^Fds, Hh^Fds, Hh^Fds, Gg^Fds, Gg^Fds, Gg, Gg, Gg, Rrc, Ww^Bsb\, Ww, Gg, Gg, Gg^Vh, Gg, Gg, Gg, Gg, Gg, Gg, Gg, Gg, Gg, Gg, Gg, Gg, Gg, Gg, Gg, Gg, Gg, Gg
Gg, Gg, Gg, Gg, Gg, Ce, Ce, Ce, Gg, Rb, Gg, Gg, Hh, Hh^Fds, Hh^Fds, Hh^Fds, Hh^Fds, Hh^Fds, Gg^Fds, Gg^Fds, Gg, Gg, Gg, Ww, Gg, Rrc, Rrc, Gg, Gg, Gg, Gg, Gg, Gg, Gg, Gg, Gg, Gg, Gg, Gg, Gg, Gg, Gg, Gg, Gg, Gg, Gg, Gg
Rb, Gg, Rb, Gg, Rb, Gg, Gg, Gg, Rb, Rb, Gg, Gg, Hh, Hh, Hh, Hh^Fds, Hh, Gg^Fds, Gg, Gg, Gg, Gg, Ww, Ww, Gg, Rrc, Rrc, Gg, Ce, Ce, Ce, Gg, Gg, Gg, Gg, Gg, Gg, Gg, Gg, Gg, Gg, Gg, Gg, Gg, Gg, Gg, Gg
Gg, Rb, Gg, Rb, Gg, Rb, Rb, Rb, Gg, Gg, Hh, Hh, Hh^Vhh, Hh, Hh, Hh, Gg, Gg, Gg, Gg, Ww, Ww, Gg, Gg, Gg, Rrc, Rrc, Gg, Ce, Ke, Ce, Gg, Gg, Gg, Gg, Gg, Gg, Gg, Gg, Gg, Gg, Gg, Gg, Gg, Gg, Gg, Gg
Gg, Gg, Hh, Gg, Hh, Gg, Gg, Gg, Hh, Hh, Hh, Hh^Fds, Hh^Fds, Hh, Hh, Hh, Gg, Gg, Ww, Ww, Gg, Gg, Gg^Vh, Gg, Gg, Rrc, Rrc, Gg, Gg, Ce, Gg, Gg, Gg, Gg, Gg, Gg, Gg, Gg, Gg, Gg, Gg, Gg, Gg, Gg, Gg, Gg, Gg
Hh, Hh, Hh^Vhh, Hh, Hh, Hh, Hh, Hh^Fds, Hh^Fds, Hh, Hh, Hh, Hh, Hh, Gg, Gg, Ww, Ww, Gg, Gg, Gg, Gg, Gg, Gg, Gg, Rrc, Rrc, Rrc, Rrc, Gg, Gg, Gg, Gg, Gg, Gg, Gg, Gg, Gg, Gg, Gg, Gg, Gg, Gg, Gg, Gg, Gg, Gg
Hh, Hh, Hh, Hh, Hh^Fds, Hh, Hh, Hh^Fds, Hh^Fds, Hh^Fds, Gg, Hh, Gg, Gg, Ww, Ww, Gg, Gg, Gg, Gg, Gg, Gg, Gg, Gg, Gg, Gg, Gg, Rrc, Rrc, Rrc, Rrc, Gg, Gg, Gg, Gg, Gg, Gg, Gg, Gg, Gg, Gg, Gg, Gg, Gg, Gg, Gg, Gg
Hh, Hh, Hh, Hh^Fds, Hh^Fds, Hh, Hh, Hh, Hh, Gg, Gg, Gg, Ww, Ww, Gg, Gg, Gg, Gg, Gg, Gg, Gg, Gg, Gg, Gg, Gg, Gg, Gg, Gg, Gg, Rrc, Rrc, Rrc, Rrc, Gg, Gg, Gg, Gg, Gg, Gg, Gg, Gg, Gg, Gg, Gg, Gg, Gg, Gg
Hh, Hh, Hh, Hh^Fds, Hh^Fds, Hh^Fds, Hh, Hh, Gg, Gg, Ww, Ww, Gg, Gg, Gg, Gg, Gg, Gg, Gg, Gg, Gg, Gg, Gg, Gg, Gg, Gg, Gg, Gg, Gg, Gg, Gg, Rrc, Rrc, Rrc, Rrc, Gg, Gg, Gg, Gg, Gg, Gg, Gg, Gg, Gg^Vh, Gg, Gg, Gg
Hh, Hh, Hh, Hh, Hh, Hh, Gg, Ww, Ww, Ww, Gg, Gg, Gg, Gg, Gg, Gg, Gg, Gg, Gg, Gg, Gg, Gg, Gg, Gg, Gg, Gg, Gg, Gg, Gg, Gg, Gg, Gg, Gg, Rrc, Rrc, Rrc, Rrc, Rrc, Rrc, Gg, Gg, Gg, Gg, Gg, Gg, Gg, Gg
Hh, Hh, Hh^Fds, Hh, Gg, Gg, Gg, Gg, Gg, Gg, Hh, Hh^Fds, Hh, Gg, Hh, Gg, Hh, Gg, Gg, Gg, Gg, Gg, Gg, Gg, Gg, Gg, Gg, Gg, Gg, Gg, Gg, Gg, Gg, Gg, Gg, Rrc, Rrc, Rrc, Rrc, Rrc, Rrc, Gg, Gg, Gg, Gg, Gg, Gs^Fds
Hh, Hh^Fds, Hh^Fds, Hh^Fds, Hh, Gg, Gg, Gg, Gg, Hh, Hh, Hh, Hh, Hh, Hh, Hh, Hh, Hh, Hh, Hh, Hh, Gg, Gg, Gg, Gg, Gg, Gg, Gg, Gg, Gg, Gg, Gg, Gg, Gg, Gg, Gg, Gg, Gg, Gg, Rrc, Rrc, Rrc, Gg, Gg, Gg, Gs^Fds, Gs^Fms
Hh, Hh, Hh, Hh, Hh, Gg, Gg, Gg, Hh^Fds, Hh, Hh^Fds, Hh, Hh, Hh, Hh, Hh^Fds, Hh^Fds, Hh^Fds, Hh^Fds, Hh^Fds, Hh^Fds, Hh, Hh^Fds, Gg, Gg, Gg, Gg, Gg, Gg, Gg, Gg, Gg, Gg, Gg, Gg, Gg^Vh, Gg, Gg, Gg, Gg, Rrc, Rrc, Ce, Ce, Ke, Gs^Fds, Gs^Fms
Hh^Fms, Hh^Fds, Hh^Fds, Hh^Fds, Hh^Fds, Gg^Fds, Hh^Fds, Hh^Fds, Hh^Fds, Hh^Fds, Hh^Fds, Hh^Fds, Hh^Fds, Hh^Fds, Hh^Fds, Hh^Fms, Hh^Fms, Hh^Fms, Hh^Fds, Hh^Fds, Hh^Fms, Hh^Fds, Hh^Fms, Hh^Fms, Gg^Fms, Gg^Fds, Gs^Fds, Gg, Gs^Fds, Gs^Fds, Gs^Fds, Gg, Gs^Fds, Gs^Fds, Gs^Fds, Gg, Gg, Gg, Ce, Ce, Rrc, Rrc, Gg, Ce, Gs^Fms, Gs^Fms, Gs^Fms
Hh^Fms, Hh^Fds, Hh^Fms, Hh^Fms, Hh^Fms, Hh^Fms, Hh^Fms, Hh^Fms, Hh^Fms, Hh^Fms, Hh^Fms, Hh^Fms, Hh^Fms, Hh^Fms, Hh^Fms, Hh^Fms, Hh^Fms, Hh^Fms, Hh^Fms, Hh^Fms, Hh^Fms, Hh^Fms, Hh^Fms, Hh^Fms, Gg^Fms, Gs^Fms, Gs^Fms, Gs^Fms, Gs^Fms, Gs^Fms, Gs^Fms, Gs^Fms, Gs^Fms, Gs^Fms, Gs^Fms, Gs^Fds, Gg, Gg, Ke, Ce, Rrc, Rrc, Gg, Gs^Fms, Gs^Fms, Gs^Fms, Gs^Fms
Gg^Fms, Hh^Fms, Hh^Fms, Hh^Fms, Hh^Fms, Hh^Fms, Hh^Fms, Hh^Fms, Hh^Fms, Hh^Fms, Gg^Fms, Hh^Fms, Hh^Fms, Hh^Fms, Gg^Fms, Hh^Fms, Hh^Fms, Hh^Fms, Gg^Fms, Hh^Fms, Hh^Fms, Hh^Fms, Gg^Fms, Gg^Fms, Gg, Gs^Fms, Gs^Fms, Gs^Fms, Gs^Fms, Gs^Fms, Gs^Fms, Gs^Fms, Gll^Fmw, Gs^Fms, Gs^Fms, Gs^Fms, Gg, Gg, Gg, Gg, Rrc, Rrc, Gg, Gs^Fms, Gs^Fms, Gs^Fms, Gs^Fms
